============================================================
双色球V2.1.35 智能预测 - 直接运行(非SYSTEM包装, 等价bat) - Sat, Aug  8, 2026  8:05:07 PM
============================================================
======================================================================
  双色球智能预测系统 V1.0
  运行时间: 2026-08-08 20:05:07
  工作目录: C:\Users\www74\.workbuddy\skills\ssq-probability-analyzer\scripts\lib
======================================================================

  开奖日检测: 今天是开奖日

======================================================================
【Phase 0.5: 一键永久自检 / 回归护栏】
======================================================================
==============
  ✅ 数据时效性与完整性  — 数据3487期 | 最新期2026090@2026-08-06 | 滞后2天(<=7) | 无异常断裂

================================================================
16. 核心函数 属性/差分/变质 测试
================================================================
  ✅ 核心函数属性/差分/变质测试  — 5000随机样本: AC差分oracle/平移变质/输入校验 全部成立

================================================================
17. 开奖序列随机性检验电池
================================================================
  ✅ 开奖序列随机性检验电池  — 10项卡方 + NIST SP 800-22: 无灾难性异常, 1项已知极小偏差(非异常,已证伪有正收益性)

================================================================
18. 模型+任务+程序 三体协同一致性自检
================================================================
  ⚠️ 跳过(三体A): 未找到 Windows 排程任务 SSQ_V1_Smart(尚未部署 Root 环境); 部署后此闸门自动生效
  ✅ 三体协同一致性  — 排程(SYSTEM/启用/bat)↔程序(单入口ssq_smart.py)↔自动化(v8暂停防双触发+看门狗激活)↔模型产物新鲜 四层咬合无漂移

================================================================
19. 根产物 vs SKILL 副本产物 同步自检
================================================================
  ✅ 根↔SKILL产物同步  — 最新期2026091 预测JSON签名一致 + 基础/增强报告均在副本 (产物无漂移)

================================================================
20. 根 vs SKILL 捆绑离线数据 同步自检
================================================================
  ✅ 根↔SKILL离线数据同步  — ssq_history.json 根最新期2026090 副本最新期2026090 一致(无数据漂移)

================================================================
21. 静态未定义名闸门 (AST, 抓 py_compile 抓不到的 NameError)
================================================================
  ✅ 静态未定义名闸门  — 检查文件: 33  |  确定性未定义名: 0

================================================================
22. 排程真实运行结果动态闸门 (LastTaskResult/反模式/日志/告警)
================================================================
  · 无 ssq_scheduler_run.log(尚未由排程真实驱动过)
  ⚠️ 跳过: schtasks 不可达(非 Windows 部署 / 跨平台 skill 包), 排程运行态无法校验

================================================================
  自检汇总: 22/22 通过
  ✅ 全部通过, 系统处于已验证健康状态
  📈 健康度已记录 -> C:\Users\www74\.workbuddy\skills\ssq-probability-analyzer\scripts\health_history.csv (status=OK, 耗时=74.2s)


======================================================================
【Phase 0.6: 专家推荐自动抓取 (自动/非致命)】
======================================================================
开始抓取专家推荐 (目标期号: 2026091)...
  获取失败 https://www.17500.cn/arts/: HTTP Error 404: Not Found

抓取完成: 0 位有效专家
{
  "target_period": "2026091",
  "updated_at": "2026-08-08 20:06",
  "source_count": 0,
  "experts": []
}


======================================================================
【Phase 0.7: 专家战绩自算 / 随机基线对照 (非致命)】
======================================================================
本次新增评分期数: 0
暂无足够评分数据(需先有 ssq_expert_history.json 且对应期已开奖)。

  现有数据: 3487期
  最新期号: 2026090
  目标期号: 2026091

======================================================================
【Phase 1: 上期预测自动验证】
======================================================================
  无待验证预测 (首次运行或已全部验证)

======================================================================
  >> V1基础预测 (数据下载→校验→穷举→选号→报告)
======================================================================
======================================================================
双色球分析系统 V1 端到端自动化
运行时间: 2026-08-08 20:06
======================================================================
======================================================================
【步骤1/7: 数据下载 (多源优先级容错)】
======================================================================

  尝试数据源: huiniao ...
  huiniao数据与现有数据一致，无新增
  huiniao数据与现有数据一致，无新增
  ✓ huiniao: 获取 3487 期

  ✓ 数据就绪: 3487期 (主源=huiniao)

======================================================================
【步骤2/7: 数据校验】
======================================================================
  总期数: 3487
  最早: 2003001 (2003-02-23)
  最新: 2026090 (2026-08-06)
  最新红球: 02 04 15 23 25 27
  最新蓝球: 03
  ✓ 格式检查通过
  ✓ 期号连续性通过
  ✓ 日期顺序通过
  ✓ 数据新鲜度通过 (最新2天前)

  ✓ 数据校验全部通过
  ✓ 数据已保存到 ssq_history.json (3487期)

======================================================================
【步骤3/7: 穷举有效组合】
======================================================================
  总组合数: 1,107,568
  通过8项静态过滤器: 363,666 (32.83%)
  ✓ 已保存到 ssq_valid_combos.json

======================================================================
【步骤4/7: 计算预测模型】
======================================================================
  CDM 先验强度 = 69.7 (flat empirical-Bayes, 已修复退化)
  权重: [0.40 CDM, 0.25 马尔可夫, 0.20 近30期频率, 0.15 遗漏]
  训练数据: 全部3487期 (扩展窗口)

======================================================================
【步骤4.5/7: 加载专家推荐】
======================================================================
  ⚠ ssq_expert_picks.json不存在！回退到内置常驻专家体系共识
  ⚠ 常驻专家回退也失败: cannot access local variable 'next_period' where it is not associated with a value；将不使用ECI逆向策略

======================================================================
【步骤5/7: 生成预测】
======================================================================
  有效组合(静态8项): 363,666
  有效组合(含重号9项): 339,226

  5组红球推荐:
    综合共识: 07 14 19 22 24 26 + 01 06 07 | AC=6 和值=112
    热号追踪: 05 07 12 14 24 27 + 01 08 11 | AC=8 和值=89
    冷号回补: 03 06 12 13 17 24 + 10 12 15 | AC=8 和值=75
    遗漏优选: 01 05 09 16 21 26 + 04 09 13 | AC=8 和值=78
    熵均衡: 01 09 12 15 23 24 + 04 06 11 | AC=6 和值=84

  红球覆盖: 19/33 (58%)
  蓝球覆盖: 11/16 (69%)

  胆拖优化方案: 1胆7拖+蓝0胆2拖 = 42注 = 84元(基本)/84元(复式)
    准度=0.954 中奖(模型加权MC)≥任一奖=19.6% ≥五等=4.4% 评分=0.710

======================================================================
【步骤6/7: 生成报告】
======================================================================
  ✓ HTML报告已保存: 双色球2026091期预测报告_V1_全面修复.html
  ✓ 预测JSON已保存: ssq_prediction_2026091_v8.json
  ✅ 报告板块完整性: 8 项全部齐全 (双色球2026091期预测报告_V1_全面修复.html)

======================================================================
【报告本地副本已生成(可直接双击打开, 无需预览面板)】
  REPORT_BASE_DESKTOP_PATH: C:\Users\www74\Desktop\双色球2026091期预测报告.html
  说明: 复制此 .html 到桌面, 双击用浏览器打开即可, 自包含无外部依赖
======================================================================
  补跑增强版报告 (ssq_enhance.py, ML模型+冷热图+专家汇总) ...
  ✓ 增强版报告已生成: 双色球2026091期预测报告_V1_全面修复_V15_增强版.html

======================================================================
【V1端到端自动化完成！】
  报告: 双色球2026091期预测报告_V1_全面修复.html
  预测JSON: ssq_prediction_2026091_v8.json
======================================================================

  自动化步骤完成情况: (步骤9/10 由上游 ssq_smart.py Phase 0.6/0.7 在调用本模块前完成)
    ✅ 1. 数据下载
    ✅ 2. 数据校验
    ✅ 3. 有效组合穷举
    ✅ 4. 模型计算
    ✅ 5. 专家推荐加载
    ✅ 6. 预测生成
    ✅ 7. 报告生成
    ✅ 8. 定时任务
    ✅ 9. 专家自动抓取
    ✅ 10. 投注追踪自动回填
    --- V1.0增强 ---
    ✅ 11. huiniao API数据源
    ✅ 12. ML预测模型(3种)
    ✅ 13. 号码冷热图可视化
    ✅ 14. 专家汇总分析
    ✅ 15. 三方交叉验证
    ✅ 16. 增强回测(200期)

  自动化得分: 16/16

  >> V1基础预测 (数据下载→校验→穷举→选号→报告) -- 成功
  ℹ 增强版报告已由 Phase2(ssq_auto.py)产出且最新, Phase3 跳过重复补跑

======================================================================
  >> 三方交叉验证 (52项检查)
======================================================================
================================================================================
V1.0 三方交叉验证（完整版）
独立重算 vs JSON vs HTML — 逐项对比
================================================================================

数据: 3487期, 最新: 2026090 (2026-08-06)
最新红球: [2, 4, 15, 23, 25, 27]
最新蓝球: [3]
目标期号(待验证): 2026091

================================================================================
【2. 独立重算红球模型】
================================================================================
  alpha_0 = 9.4409

================================================================================
【3. 独立重算蓝球模型】
================================================================================
  ⚠️ 未找到 ssq_expert_picks.json (专家抓取数据), 跳过 ECI 逆向蓝球对比
  蓝球综合评分TOP4: [9, 10, 14, 16]
  蓝球CDM TOP4:     [1, 12, 15, 16]
  蓝球马氏 TOP4:     [3, 11, 14, 16]
  蓝球ECI逆向 TOP4:  []
  蓝球遗漏 TOP4:     [2, 9, 10, 14]

================================================================================
【4. 独立重算有效组合 + 5组推荐】
================================================================================
  有效组合数(8项): 363666
  有效组合数(9项含重号): 339226

======================================================================
【步骤4/7: 计算预测模型】
======================================================================
  CDM 先验强度 = 69.7 (flat empirical-Bayes, 已修复退化)
  权重: [0.40 CDM, 0.25 马尔可夫, 0.20 近30期频率, 0.15 遗漏]
  训练数据: 全部3487期 (扩展窗口)

======================================================================
【步骤5/7: 生成预测】
======================================================================
  有效组合(静态8项): 363,666
  有效组合(含重号9项): 339,226

  5组红球推荐:
    综合共识: 07 14 19 22 24 26 + 01 06 07 | AC=6 和值=112
    热号追踪: 05 07 12 14 24 27 + 01 08 11 | AC=8 和值=89
    冷号回补: 03 06 12 13 17 24 + 10 12 15 | AC=8 和值=75
    遗漏优选: 01 05 09 16 21 26 + 04 09 13 | AC=8 和值=78
    熵均衡: 01 09 12 15 23 24 + 04 06 11 | AC=6 和值=84

  红球覆盖: 19/33 (58%)
  蓝球覆盖: 11/16 (69%)

  胆拖优化方案: 1胆7拖+蓝0胆2拖 = 42注 = 84元(基本)/84元(复式)
    准度=0.954 中奖(模型加权MC)≥任一奖=19.6% ≥五等=4.4% 评分=0.710

  权威函数重算5组推荐(红球+蓝球):
    综合共识: 前[7, 14, 19, 22, 24, 26] 后[1, 6, 7]
    热号追踪: 前[5, 7, 12, 14, 24, 27] 后[1, 8, 11]
    冷号回补: 前[3, 6, 12, 13, 17, 24] 后[10, 12, 15]
    遗漏优选: 前[1, 5, 9, 16, 21, 26] 后[4, 9, 13]
    熵均衡: 前[1, 9, 12, 15, 23, 24] 后[4, 6, 11]

================================================================================
【5. 加载JSON和HTML输出】
================================================================================
  JSON版本: V1.0.0
  JSON目标期号: 2026091
  JSON推荐组数: 5
  JSON胆拖方案: ['standard', 'optimized', 'candidates', 'honesty']
  HTML提取组数: 5
    第1组 综合共识: 前[7, 14, 19, 22, 24, 26] 后[1, 6, 7]
    第2组 热号追踪: 前[5, 7, 12, 14, 24, 27] 后[1, 8, 11]
    第3组 冷号回补: 前[3, 6, 12, 13, 17, 24] 后[10, 12, 15]
    第4组 遗漏优选: 前[1, 5, 9, 16, 21, 26] 后[4, 9, 13]
    第5组 熵均衡: 前[1, 9, 12, 15, 23, 24] 后[4, 6, 11]
  HTML胆拖: 胆[18] 拖[5, 8, 13, 14, 22, 25, 29] 后[9, 14]
  HTML凯利f*: -1.44e-07
  HTML期望回报: -53.1%

================================================================================
【6. 三方逐项对比 — 独立重算 vs JSON vs HTML】
================================================================================

--- 6.1 数据基础 ---
  ✓ 数据期数 独立=3487 JSON=3487 — 独立=3487, JSON=3487
  ✓ 最新期号 独立=2026090 JSON=2026090 — 独立=2026090, JSON=2026090
  ✓ 目标期号 独立=2026091 JSON=2026091 — 独立=2026091, JSON=2026091

--- 6.2 有效组合数 (动态自洽校验) ---
  注: 9项含重号过滤基准=最新一期 2026090 红球 [2, 4, 15, 23, 25, 27] (动态)
  [穷举验证8项过滤器...]
  ✓ 8项过滤器通过数=独立穷举 — JSON=363666, 独立穷举=363666
  ✓ 9项过滤器(含重号)=有效组合中对最新期重号≤2 — dynamic=339226, 重算=339226
  ✓ 9项(含重号)自洽=valid_dynamic — 重算=339226, dynamic=339226

--- 6.3 红球5组: 独立 vs JSON vs HTML ---
  ✓ 第1组红球 独立=[7, 14, 19, 22, 24, 26] — JSON=[7, 14, 19, 22, 24, 26] HTML=[7, 14, 19, 22, 24, 26] ✓
  ✓ 第2组红球 独立=[5, 7, 12, 14, 24, 27] — JSON=[5, 7, 12, 14, 24, 27] HTML=[5, 7, 12, 14, 24, 27] ✓
  ✓ 第3组红球 独立=[3, 6, 12, 13, 17, 24] — JSON=[3, 6, 12, 13, 17, 24] HTML=[3, 6, 12, 13, 17, 24] ✓
  ✓ 第4组红球 独立=[1, 5, 9, 16, 21, 26] — JSON=[1, 5, 9, 16, 21, 26] HTML=[1, 5, 9, 16, 21, 26] ✓
  ✓ 第5组红球 独立=[1, 9, 12, 15, 23, 24] — JSON=[1, 9, 12, 15, 23, 24] HTML=[1, 9, 12, 15, 23, 24] ✓
  ✓ 红球5组三方全部一致

--- 6.4 蓝球5组: 独立 vs JSON vs HTML ---
  ✓ 第1组蓝球 独立=[1, 6, 7] — JSON=[1, 6, 7] HTML=[1, 6, 7] ✓
  ✓ 第2组蓝球 独立=[1, 8, 11] — JSON=[1, 8, 11] HTML=[1, 8, 11] ✓
  ✓ 第3组蓝球 独立=[10, 12, 15] — JSON=[10, 12, 15] HTML=[10, 12, 15] ✓
  ✓ 第4组蓝球 独立=[4, 9, 13] — JSON=[4, 9, 13] HTML=[4, 9, 13] ✓
  ✓ 第5组蓝球 独立=[4, 6, 11] — JSON=[4, 6, 11] HTML=[4, 6, 11] ✓
  ✓ 蓝球5组三方全部一致

--- 6.5 凯利公式 ---
  ✓ 总组合数=C(33,6)*16 — 独立=17,721,088
  ✓ 凯利f*=-1.436e-07 — 独立=-1.4357004491e-07, JSON=-1.4357004491e-07
  ✓ 期望回报≈双色球基准(-0.53) — JSON=-0.5311250076744723, 重算=-0.5311

--- 6.6 胆拖方案: JSON vs HTML ---
  ✓ 胆拖注数 front_combos×back_combos=total_bets — 21×2=42, JSON=42
  ✓ 红球组合数 C(7,5)=21 — C(7,5)=21, JSON=21
  ✓ 蓝球组合数(back_combos) 与权威重算一致 — JSON=2 权威重算=2
  ✓ 基本成本=84元 — 应=84, JSON=84
  ✓ 含蓝球复式成本=84元 — 应=84, JSON=84
  ✓ 胆码 JSON vs HTML一致 — JSON=[18] HTML=[18]
  ✓ 拖码 JSON vs HTML一致 — JSON=[5, 8, 13, 14, 22, 25, 29] HTML=[5, 8, 13, 14, 22, 25, 29]

--- 6.7 9项过滤器逐组验证（独立重算 vs HTML标注）---
  ✓ 第1组综合共识 9项全通过 — AC=6 和值=112 跨度=19 奇偶=2 大小=2 质合=2 012路=132 连号=0 重号=0 ✓全通过
  ✓ 第2组热号追踪 9项全通过 — AC=8 和值=89 跨度=22 奇偶=3 大小=4 质合=2 012路=312 连号=0 重号=1 ✓全通过
  ✓ 第3组冷号回补 9项全通过 — AC=8 和值=75 跨度=21 奇偶=3 大小=4 质合=3 012路=411 连号=1 重号=0 ✓全通过
  ✓ 第4组遗漏优选 9项全通过 — AC=8 和值=78 跨度=25 奇偶=4 大小=4 质合=1 012路=222 连号=0 重号=0 ✓全通过
  ✓ 第5组熵均衡 9项全通过 — AC=6 和值=84 跨度=23 奇偶=4 大小=4 质合=1 012路=411 连号=1 重号=2 ✓全通过

--- 6.8 去重验证 ---
  ✓ JSON 5组红球无重复 — 总=5, 去重=5
  ✓ JSON 5组蓝球无重复 — 总=5, 去重=5
  ✓ 红球号码覆盖 — 覆盖=19/35 (54%)

--- 6.9 HTML vs JSON 全面一致性 ---
  ✓ 第1组 HTML红球=JSON红球 — JSON=[7, 14, 19, 22, 24, 26] HTML=[7, 14, 19, 22, 24, 26]
  ✓ 第1组 HTML蓝球=JSON蓝球 — JSON=[1, 6, 7] HTML=[1, 6, 7]
  ✓ 第2组 HTML红球=JSON红球 — JSON=[5, 7, 12, 14, 24, 27] HTML=[5, 7, 12, 14, 24, 27]
  ✓ 第2组 HTML蓝球=JSON蓝球 — JSON=[1, 8, 11] HTML=[1, 8, 11]
  ✓ 第3组 HTML红球=JSON红球 — JSON=[3, 6, 12, 13, 17, 24] HTML=[3, 6, 12, 13, 17, 24]
  ✓ 第3组 HTML蓝球=JSON蓝球 — JSON=[10, 12, 15] HTML=[10, 12, 15]
  ✓ 第4组 HTML红球=JSON红球 — JSON=[1, 5, 9, 16, 21, 26] HTML=[1, 5, 9, 16, 21, 26]
  ✓ 第4组 HTML蓝球=JSON蓝球 — JSON=[4, 9, 13] HTML=[4, 9, 13]
  ✓ 第5组 HTML红球=JSON红球 — JSON=[1, 9, 12, 15, 23, 24] HTML=[1, 9, 12, 15, 23, 24]
  ✓ 第5组 HTML蓝球=JSON蓝球 — JSON=[4, 6, 11] HTML=[4, 6, 11]

--- 6.10 回测结论 ---
  ✓ 回测结论含'not significant(p>0.05)' — all strategies not significant (p>0.05), backtest fully repl
  ✓ 回测结论含'fully replicates prediction pipeline' — all strategies not significant (p>0.05), backtest fully repl

--- 6.11 诚实声明 ---
  ✓ 声明含'filters do not improve'
  ✓ 声明含'ECI expected benefit ~0'
  ✓ 声明含'entertainment not investment'

================================================================================
【V1.0 三方交叉验证 — 最终总结】
================================================================================

  验证通过: 51项
  验证失败: 0项
  通过率: 100.0%

  验证维度:
  6.1 数据基础 (期数/期号/目标期号)     ✓ 全部一致
  6.2 有效组合数 (8项363666/9项动态)  ✓ 一致
  6.3 红球5组 (独立 vs JSON vs HTML)     ✓ 三方全部一致
  6.4 蓝球5组 (独立 vs JSON vs HTML)     ✓ 三方全部一致
  6.5 凯利公式 (f*=-1.436e-07)          ✓ 一致
  6.6 胆拖方案 (注数/成本/胆拖码)        ✓ 一致
  6.7 9项过滤器 (逐组逐项验证)           ✓ 全部通过
  6.8 去重验证 (红球无重复)              ✓ 无重复
  6.9 HTML vs JSON 全面一致性            ✓ 一致
  6.10 回测结论 (p>0.05)                ✓ 一致
  6.11 诚实声明 (3项关键词)              ✓ 完整

  ★核心结论:
  三方交叉验证全部通过 — 独立重算/JSON/HTML一致
  注: 蓝球综合最优与冷号回补TOP4相同(不同选择标准巧合)，属正常行为


  >> 三方交叉验证 (52项检查) -- 成功

======================================================================
【Phase 6: 强化引擎 / 科学严谨性自检 (非致命)】
======================================================================
======================================================================
【Power Engine V1.0: 强化引擎 / 科学严谨性自检】
======================================================================
  历史数据: 3487 期
  回测窗口: 近 200 期样本外 [3287, 3487)

  [策略回测] 期数=200 成本=¥2,000 派彩=¥355 ROI=-82.2% 中奖期率=34.0%
  [随机基线] ROI均值=-75.4% (区间[-85.2%,-48.3%]) 中奖期率=29.2%
  计算耗时: 151.2s

  ✅ 已证明: 本策略 ROI=-82.2% 与纯随机基线 -75.4% 无统计显著差异 (ROI差 Bootstrap 95% CI=[-1.17,-0.23}]pp, 下界未>0)。系统不存在可证明的预测优势——任何"变强"都属随机波动。

  [蒙特卡洛成本仿真] 玩家=20,000 玩 52周(≈156期):
    期望净盈亏: ¥-1,283
    中位净盈亏: ¥-1,285
    5%~95%区间: [¥-1,335, ¥-1,230]
    正收益概率 P(净盈亏>0): 0.00%

  [诚实闸门 vs 随机] ⛔拒绝: 未通过 Bootstrap 检验 (ROI 差 95% CI=[-1.17,-0.23]pp, 下界未>0), 不能声称"本系统更强"。策略 ROI -82.2% 与基线 -75.4% 无显著差异, 属随机波动。
  [回归闸门 vs 上一版] ⚠️结果变动: 未通过 Bootstrap 检验 (ROI 差 95% CI=[+0.00,+0.00]pp, 下界未>0), 不能声称"本版本 vs 上一版更强"。策略 ROI -82.2% 与基线 -82.2% 无显著差异, 属随机波动。

  ✓ 强化报告已保存: ssq_power_report.json


======================================================================
【智能分析摘要】
======================================================================

  数据状态:
    历史期数: 3487
    最新期号: 2026090 (2026-08-06)
    目标期号: 2026091
    数据新鲜度: 正常 (2天前)

  开奖日: 今天是开奖日!
    投注窗口: 现在 - 21:00
    开奖时间: 21:00

  上期验证: 无待验证预测

======================================================================
【性能追踪摘要】
======================================================================
  已验证期数: 1
  总预测组数: 5
  平均红球命中: 1.00/5
  平均蓝球命中: 0.20/2
  平均总命中: 1.20/7
  最高红球命中: 2/5
  最高总命中: 2/7

  中奖分布:
    未中奖: 5次

  最近验证记录:
    2026090: 前[2, 4, 15, 23, 25, 27] 后[3] → 最佳: 热号追踪 命中2球 (未中奖)

  投注建议:
    今天开奖! 请在21:00前完成投注
    推荐: 5组单式 + 标准胆拖 = 23注 = 46元(双色球每注固定2元, 无追加)

  输出文件:
    V1基础报告: 双色球*V1_全面修复.html
    V1.0增强报告: 双色球*V15_增强版.html
    预测JSON: ssq_prediction_2026091_v8.json
    性能追踪: ssq_performance.json

======================================================================
【Phase 5.5: 历史专家推荐存档】
======================================================================
  ⚠ 读取专家推荐失败: [Errno 2] No such file or directory: 'ssq_expert_picks.json'

======================================================================
【Phase 7: ML 模型样本外自评 (非致命)】
======================================================================
 遗传算法: 前=[7, 10, 27, 30, 32, 33] 后=[4, 8, 9, 10]
  [ML] 计算加权频率模型...
  [ML] 计算随机森林模型...
  [ML] 加权频率: 前=[6, 14, 23, 27, 28, 31] 后=[4, 7, 14, 15]
  [ML] 随机森林: 前=[7, 8, 9, 14, 23, 26] 后=[1, 9, 14, 16]
  [ML] 遗传算法: 前=[4, 9, 26, 28, 29, 33] 后=[5, 8, 13, 14]
  [ML] 计算加权频率模型...
  [ML] 计算随机森林模型...
  [ML] 加权频率: 前=[2, 5, 15, 22, 24, 29] 后=[2, 10, 11, 15]
  [ML] 随机森林: 前=[6, 8, 10, 17, 26, 29] 后=[1, 13, 14, 15]
  [ML] 遗传算法: 前=[2, 6, 7, 9, 25, 28] 后=[5, 11, 12, 13]

  红球命中数分布 (越高越好; 随机期望≈5×5/35≈0.714):
  模型                    均值      ≥3球%      ≥4球%
  weighted_freq      1.072      4.3%      0.0%
  random_forest      1.135      5.8%      0.5%
  genetic_optimal    1.075      5.6%      0.5%
  随机基线               1.164      7.2%      0.4%

  ==================================================
  ✅ 诚实结论: ML 模型红球命中均值(1.135) ≈ 随机基线(1.164),
     未检测到可复现优势。与既有回测(p>0.05)一致 — 系统无预测优势。
  ==================================================

  注: 此自评仅量化'模型是否有用', 不提升命中率。彩票本质随机, 请理性投注。
  ✓ 自评报告已存: ssq_ml_selfcheck.json

================================================================
REPORT_DESKTOP_PATH: C:\Users\www74\Desktop\双色球2026091期预测报告_V1_全面修复_V15_增强版.html
REPORT_ABS_PATH: C:\Users\www74\.workbuddy\skills\ssq-probability-analyzer\scripts\lib\双色球2026091期预测报告_V1_全面修复_V15_增强版.html
REPORT_BASE_DESKTOP_PATH: C:\Users\www74\Desktop\双色球2026091期预测报告_V1_全面修复.html
REPORT_PATH_FILE: C:\Users\www74\.workbuddy\skills\ssq-probability-analyzer\scripts\lib\REPORT_PATH.txt
================================================================

======================================================================
【全流程完成】
======================================================================
  ✅ 0. 开奖日检测
  ✅ 0.5 永久自检/回归护栏
  ✅ 0.6 专家自动抓取
  ✅ 0.7 专家战绩自算/追踪回填
  ❌ 1. 上期预测验证
  ✅ 2. V1基础预测
  ✅ 3. V1.0增强预测
  ✅ 4. 三方交叉验证
  ✅ 6. 强化引擎(严谨自检)
  ✅ 7. ML样本外自评
  ✅ 5. 智能摘要
  ✅ 5.5 专家存档

  智能化得分: 11/12

  🧠 专家智慧总览: 常驻名录 46 位(权威 42 / 野路子 4) + 官方数据源 6 个
     战绩自算: 暂无(需先累积 ssq_expert_history.json 且对应期已开奖)

  ⏰ 今天开奖! 投注窗口: 现在 - 21:00
  📄 请查看报告: 双色球*V15_增强版.html

[BAT] ssq_smart.py --force EXIT=0 - Sat, Aug  8, 2026  8:14:16 PM
[核对] 开始上期开奖核对 - Sat, Aug  8, 2026  8:14:16 PM
[自动] 发现待核对期号 2026090
[核对] 期号 2026090 ｜ 投注 63 注
[核对] 开奖 红球[2, 4, 15, 23, 25, 27] 蓝球[3]
[核对] 最佳成绩: 六等奖 ｜ 理论奖金 5元 ｜ 中奖1注
[核对] 展开注数: 63 (组15 + 胆拖48)
[基线] 蒙特卡洛 20000 次, 同等 63 注随机机选...
[基线] 随机机选中位数奖金: 25元 (均值受头奖长尾≈51元)
[基线] 我的成绩位于随机分布约第 1 百分位 (优于 1% 随机单期)
REPORT_DESKTOP_PATH:C:\Users\www74\Desktop\双色球2026090期_开奖核对报告.html
[核对] 完成 EXIT=0 - Sat, Aug  8, 2026  8:14:31 PM
============================================================
