======================================================================
  双色球智能预测系统 V1.0
  运行时间: 2026-08-23 14:39:58
  工作目录: C:\Users\www74\.workbuddy\skills\ssq-probability-analyzer\scripts\lib
======================================================================

  开奖日检测: 今天不是开奖日

======================================================================
【Phase 0.5: 一键永久自检 / 回归护栏】
======================================================================
oot 环境); 部署后此闸门自动生效
  ✅ 三体协同一致性  — Windows排程(按B模型刻意关闭)↔程序(单入口ssq_smart.py)↔展示自动化(ACTIVE唯一触发器)↔看门狗(ACTIVE)↔模型产物新鲜 四层咬合无漂移

================================================================
19. 根产物 vs SKILL 副本产物 同步自检
================================================================
  ✅ 根↔SKILL产物同步  — 最新期2026097 预测JSON签名一致 + 基础/增强报告均在副本 (产物无漂移)

================================================================
20. 根 vs SKILL 捆绑离线数据 同步自检
================================================================
  ✅ 根↔SKILL离线数据同步  — ssq_history.json 根最新期2026096 副本最新期2026096 一致(无数据漂移)

================================================================
21. 静态未定义名闸门 (AST, 抓 py_compile 抓不到的 NameError)
================================================================
  ✅ 静态未定义名闸门  — 检查文件: 40  |  确定性未定义名: 0

================================================================
22. 排程真实运行结果动态闸门 (LastTaskResult/反模式/日志/告警)
================================================================
  · 无 ssq_scheduler_run.log(尚未由排程真实驱动过)
  · B模型无Windows排程, ssq_run_alert.txt 为旧A模型遗留告警(已忽略, 非活动故障)
  · B模型: 无 Windows 排程(刻意关闭), 排程运行态(原A模型专属)按设计跳过; 运行态由 WorkBuddy 自动化(双色球V1自动预测)+看门狗接管

================================================================
23. 预测追踪自证闸门 (系统自身战绩 vs 随机基线)
================================================================
  ✅ 预测追踪自证闸门  — 状态=insufficient_data | 已验证分组仅 10 个 (<20), 样本不足, 暂无法做统计自证

================================================================
24. 自查自愈增强闸门 (篡改检测/自愈 + 数据过期 + 一致性)
================================================================
  ⚠️ 自查自愈增强闸门  — 运行一致性: 未核对历史预测 ['2026094', '2026096', '2026095']; 孤儿记录 无

================================================================
  自检汇总: 23/24 通过

  ⚠️ 运维告警(不影响本次产出正确性, 但需尽快处理):
    ⚠️ 自查自愈增强闸门
       运行一致性: 未核对历史预测 ['2026094', '2026096', '2026095']; 孤儿记录 无

  ✅ 正确性类 23/23 全通过, 产出可交付
  ⚠️ 但有 1 项运维告警待处理(见上), 请勿忽视
  📈 健康度已记录 -> C:\Users\www74\.workbuddy\skills\ssq-probability-analyzer\scripts\health_history.csv (status=WARN, 耗时=85.4s)


======================================================================
【Phase 0.6: 专家推荐自动抓取 (自动/非致命)】
======================================================================
开始抓取专家推荐 (目标期号: 2026097)...
  获取失败 https://www.17500.cn/arts/: HTTP Error 404: Not Found

抓取完成: 0 位有效专家
{
  "target_period": "2026097",
  "updated_at": "2026-08-23 14:41",
  "source_count": 0,
  "experts": []
}


======================================================================
【Phase 0.7: 专家战绩自算 / 随机基线对照 (非致命)】
======================================================================
本次新增评分期数: 2
近 2 期 | 随机基线红球均命中 1.043

  非开奖日，跳过预测。使用 --force 强制运行。
  开奖日: 周一、周三、周六
