======================================================================
  双色球智能预测系统 V1.0
  运行时间: 2026-08-23 14:43:05
  工作目录: C:\Users\www74\.workbuddy\skills\ssq-probability-analyzer\scripts\lib
======================================================================

  开奖日检测: 今天是开奖日

======================================================================
【Phase 0.5: 一键永久自检 / 回归护栏】
======================================================================

19. 根产物 vs SKILL 副本产物 同步自检
================================================================
  ✅ 根↔SKILL产物同步  — 最新期2026097 预测JSON签名一致 + 基础/增强报告均在副本 (产物无漂移)

================================================================
20. 根 vs SKILL 捆绑离线数据 同步自检
================================================================
  ✅ 根↔SKILL离线数据同步  — ssq_history.json 根最新期2026096 副本最新期2026096 一致(无数据漂移)

================================================================
21. 静态未定义名闸门 (AST, 抓 py_compile 抓不到的 NameError)
================================================================
  ✅ 静态未定义名闸门  — 检查文件: 40  |  确定性未定义名: 0

================================================================
22. 排程真实运行结果动态闸门 (LastTaskResult/反模式/日志/告警)
================================================================
  · 无 ssq_scheduler_run.log(尚未由排程真实驱动过)
  · B模型无Windows排程, ssq_run_alert.txt 为旧A模型遗留告警(已忽略, 非活动故障)
  · B模型: 无 Windows 排程(刻意关闭), 排程运行态(原A模型专属)按设计跳过; 运行态由 WorkBuddy 自动化(双色球V1自动预测)+看门狗接管

================================================================
23. 预测追踪自证闸门 (系统自身战绩 vs 随机基线)
================================================================
  ✅ 预测追踪自证闸门  — 状态=insufficient_data | 已验证分组仅 10 个 (<20), 样本不足, 暂无法做统计自证

================================================================
24. 自查自愈增强闸门 (篡改检测/自愈 + 数据过期 + 一致性)
================================================================
  ⚠️ 自查自愈增强闸门  — 代码完整性基线陈旧(有意升级后未重建) → 请运行 `python ssq_self_integrity.py --init` 重建基线; 疑似差异=['ssq_smart.py']; 运行一致性: 未核对历史预测 ['2026096', '2026095', '2026094']; 孤儿记录 无

================================================================
  自检汇总: 23/24 通过

  ⚠️ 运维告警(不影响本次产出正确性, 但需尽快处理):
    ⚠️ 自查自愈增强闸门
       代码完整性基线陈旧(有意升级后未重建) → 请运行 `python ssq_self_integrity.py --init` 重建基线; 疑似差异=['ssq_smart.py']; 运行一致性: 未核对历史预测 ['2026096', '2026095', '2026094']; 孤儿记录 无

  ✅ 正确性类 23/23 全通过, 产出可交付
  ⚠️ 但有 1 项运维告警待处理(见上), 请勿忽视
  📈 健康度已记录 -> C:\Users\www74\.workbuddy\skills\ssq-probability-analyzer\scripts\health_history.csv (status=WARN, 耗时=86.8s)


======================================================================
【Phase 0.6: 专家推荐自动抓取 (自动/非致命)】
======================================================================
开始抓取专家推荐 (目标期号: 2026097)...
  获取失败 https://www.17500.cn/arts/: HTTP Error 404: Not Found

抓取完成: 0 位有效专家
{
  "target_period": "2026097",
  "updated_at": "2026-08-23 14:44",
  "source_count": 0,
  "experts": []
}


======================================================================
【Phase 0.7: 专家战绩自算 / 随机基线对照 (非致命)】
======================================================================
本次新增评分期数: 0
近 2 期 | 随机基线红球均命中 1.043

  现有数据: 3493期
  最新期号: 2026096
  目标期号: 2026097

======================================================================
【Phase 1: 上期预测自动验证】
======================================================================

  发现待验证预测: ssq_prediction_2026096_v8.json
  实际开奖 2026096: 红球=[1, 4, 16, 22, 26, 31] 蓝球=[4]

  验证结果:
    第1组(综合共识): 红球0/5, 蓝球0/2, 共0球
    第2组(热号追踪): 红球1/5, 蓝球1/2, 共2球 → 六等奖(5元)
    第3组(冷号回补): 红球1/5, 蓝球0/2, 共1球
    第4组(ECI逆向(真实专家)): 红球0/5, 蓝球0/2, 共0球
    第5组(熵均衡): 红球0/5, 蓝球0/2, 共0球
    胆拖(标准胆拖): 红球0/5, 蓝球0/2, 共0球 [胆中0, 拖中0]
  新增验证记录: 期号2026096
  ✓ 上期预测验证完成，已更新性能追踪

======================================================================
  >> V1基础预测 (数据下载→校验→穷举→选号→报告)
======================================================================
======================================================================
双色球分析系统 V1 端到端自动化
运行时间: 2026-08-23 14:44
======================================================================
======================================================================
【步骤1/7: 数据下载 (多源优先级容错)】
======================================================================

  尝试数据源: huiniao ...
  huiniao数据与现有数据一致，无新增
  huiniao数据与现有数据一致，无新增
  ✓ huiniao: 获取 3493 期

  ✓ 数据就绪: 3493期 (主源=huiniao)

======================================================================
【步骤2/7: 数据校验】
======================================================================
  总期数: 3493
  最早: 2003001 (2003-02-23)
  最新: 2026096 (2026-08-20)
  最新红球: 01 04 16 22 26 31
  最新蓝球: 04
  ✓ 格式检查通过
  ✓ 期号连续性通过
  ✓ 日期顺序通过
  ✓ 数据新鲜度通过 (最新3天前)

  ✓ 数据校验全部通过
  ✓ 数据已保存到 ssq_history.json (3493期)

======================================================================
【步骤3/7: 穷举有效组合】
======================================================================
  总组合数: 1,107,568
  通过8项静态过滤器: 363,666 (32.83%)
  ✓ 已保存到 ssq_valid_combos.json

======================================================================
【步骤4/7: 计算预测模型】
======================================================================
  CDM 先验强度 = 69.9 (flat empirical-Bayes, 已修复退化)
  权重: [0.40 CDM, 0.25 马尔可夫, 0.20 近30期频率, 0.15 遗漏]
  训练数据: 全部3493期 (扩展窗口)

======================================================================
【步骤4.5/7: 加载专家推荐】
======================================================================
  ✓ 已加载10位专家推荐
  标注目标期: 2026097 ｜ 当前预测期: 2026097
  更新时间: 2026-08-23 14:30
  ✓ 专家数据目标期与当前预测期一致
  自动刷新: 系统级定时任务(Phase 0.6)每周一三六20:10经 ssq_expert_scraper.py --auto 刷新; 也可让我用WebSearch实时抓取

======================================================================
【步骤5/7: 生成预测】
======================================================================
  有效组合(静态8项): 363,666
  有效组合(含重号9项): 345,166

  5组红球推荐:
    综合共识: 07 08 09 15 29 32 + 02 11 14 | AC=9 和值=100
    热号追踪: 04 14 16 27 28 29 + 04 07 11 | AC=6 和值=118
    冷号回补: 03 10 18 29 32 33 + 08 10 16 | AC=9 和值=125
    ECI逆向(真实专家): 03 06 08 13 20 32 + 03 04 12 | AC=7 和值=82
    熵均衡: 04 06 08 11 32 33 + 03 07 15 | AC=9 和值=94

  红球覆盖: 19/33 (58%)
  蓝球覆盖: 11/16 (69%)

  胆拖优化方案: 1胆6拖+蓝0胆8拖 = 48注 = 96元(基本)/96元(复式)
    准度=0.961 中奖(模型加权MC)≥任一奖=63.7% ≥五等=6.2% 评分=0.976

======================================================================
【步骤6/7: 生成报告】
======================================================================
  ✓ HTML报告已保存: 双色球2026097期预测报告_V1_全面修复.html
  ✓ 预测JSON已保存: ssq_prediction_2026097_v8.json
  ✅ 报告板块完整性: 8 项全部齐全 (双色球2026097期预测报告_V1_全面修复.html)

======================================================================
【报告本地副本已生成(可直接双击打开, 无需预览面板)】
  REPORT_BASE_DESKTOP_PATH: C:\Users\www74\Desktop\双色球2026097期预测报告.html
  说明: 复制此 .html 到桌面, 双击用浏览器打开即可, 自包含无外部依赖
======================================================================
  补跑增强版报告 (ssq_enhance.py, ML模型+冷热图+专家汇总) ...
  ✓ 增强版报告已生成: 双色球2026097期预测报告_V1_全面修复_V15_增强版.html

======================================================================
【V1端到端自动化完成！】
  报告: 双色球2026097期预测报告_V1_全面修复.html
  预测JSON: ssq_prediction_2026097_v8.json
======================================================================

  自动化步骤完成情况: (步骤9/10 由上游 ssq_smart.py Phase 0.6/0.7 在调用本模块前完成)
    ✅ 1. 数据下载
    ✅ 2. 数据校验
    ✅ 3. 有效组合穷举
    ✅ 4. 模型计算
    ✅ 5. 专家推荐加载
    ✅ 6. 预测生成
    ✅ 7. 报告生成
    ✅ 8. 定时任务
    ✅ 9. 专家自动抓取
    ✅ 10. 投注追踪自动回填
    --- V1.0增强 ---
    ✅ 11. huiniao API数据源
    ✅ 12. ML预测模型(3种)
    ✅ 13. 号码冷热图可视化
    ✅ 14. 专家汇总分析
    ✅ 15. 三方交叉验证
    ✅ 16. 增强回测(200期)

  自动化得分: 16/16

  >> V1基础预测 (数据下载→校验→穷举→选号→报告) -- 成功
  ℹ 增强版报告已由 Phase2(ssq_auto.py)产出且最新, Phase3 跳过重复补跑

======================================================================
  >> 三方交叉验证 (52项检查)
======================================================================
================================================================================
V1.0 三方交叉验证（完整版）
独立重算 vs JSON vs HTML — 逐项对比
================================================================================

数据: 3493期, 最新: 2026096 (2026-08-20)
最新红球: [1, 4, 16, 22, 26, 31]
最新蓝球: [4]
目标期号(待验证): 2026097

================================================================================
【2. 独立重算红球模型】
================================================================================
  alpha_0 = 9.4409

================================================================================
【3. 独立重算蓝球模型】
================================================================================
  蓝球综合评分TOP4: [2, 10, 13, 14]
  蓝球CDM TOP4:     [1, 11, 15, 16]
  蓝球马氏 TOP4:     [1, 7, 14, 15]
  蓝球ECI逆向 TOP4:  [1, 2, 3, 6]
  蓝球遗漏 TOP4:     [2, 10, 13, 14]

================================================================================
【4. 独立重算有效组合 + 5组推荐】
================================================================================
  有效组合数(8项): 363666
  有效组合数(9项含重号): 345166

======================================================================
【步骤4/7: 计算预测模型】
======================================================================
  CDM 先验强度 = 69.9 (flat empirical-Bayes, 已修复退化)
  权重: [0.40 CDM, 0.25 马尔可夫, 0.20 近30期频率, 0.15 遗漏]
  训练数据: 全部3493期 (扩展窗口)

======================================================================
【步骤5/7: 生成预测】
======================================================================
  有效组合(静态8项): 363,666
  有效组合(含重号9项): 345,166

  5组红球推荐:
    综合共识: 07 08 09 15 29 32 + 02 11 14 | AC=9 和值=100
    热号追踪: 04 14 16 27 28 29 + 04 07 11 | AC=6 和值=118
    冷号回补: 03 10 18 29 32 33 + 08 10 16 | AC=9 和值=125
    ECI逆向(真实专家): 03 06 08 13 20 32 + 03 04 12 | AC=7 和值=82
    熵均衡: 04 06 08 11 32 33 + 03 07 15 | AC=9 和值=94

  红球覆盖: 19/33 (58%)
  蓝球覆盖: 11/16 (69%)

  胆拖优化方案: 1胆6拖+蓝0胆8拖 = 48注 = 96元(基本)/96元(复式)
    准度=0.961 中奖(模型加权MC)≥任一奖=63.7% ≥五等=6.2% 评分=0.976

  权威函数重算5组推荐(红球+蓝球):
    综合共识: 前[7, 8, 9, 15, 29, 32] 后[2, 11, 14]
    热号追踪: 前[4, 14, 16, 27, 28, 29] 后[4, 7, 11]
    冷号回补: 前[3, 10, 18, 29, 32, 33] 后[8, 10, 16]
    ECI逆向(真实专家): 前[3, 6, 8, 13, 20, 32] 后[3, 4, 12]
    熵均衡: 前[4, 6, 8, 11, 32, 33] 后[3, 7, 15]

================================================================================
【5. 加载JSON和HTML输出】
================================================================================
  JSON版本: V1.0.0
  JSON目标期号: 2026097
  JSON推荐组数: 5
  JSON胆拖方案: ['standard', 'optimized', 'candidates', 'honesty']
  HTML提取组数: 5
    第1组 综合共识: 前[7, 8, 9, 15, 29, 32] 后[2, 11, 14]
    第2组 热号追踪: 前[4, 14, 16, 27, 28, 29] 后[4, 7, 11]
    第3组 冷号回补: 前[3, 10, 18, 29, 32, 33] 后[8, 10, 16]
    第4组 ECI逆向(真实专家): 前[3, 6, 8, 13, 20, 32] 后[3, 4, 12]
    第5组 熵均衡: 前[4, 6, 8, 11, 32, 33] 后[3, 7, 15]
  HTML胆拖: 胆[10] 拖[3, 11, 12, 25, 29, 32] 后[1, 2, 5, 7, 9, 10, 14, 16]
  HTML凯利f*: -1.44e-07
  HTML期望回报: -53.1%

================================================================================
【6. 三方逐项对比 — 独立重算 vs JSON vs HTML】
================================================================================

--- 6.1 数据基础 ---
  ✓ 数据期数 独立=3493 JSON=3493 — 独立=3493, JSON=3493
  ✓ 最新期号 独立=2026096 JSON=2026096 — 独立=2026096, JSON=2026096
  ✓ 目标期号 独立=2026097 JSON=2026097 — 独立=2026097, JSON=2026097

--- 6.2 有效组合数 (动态自洽校验) ---
  注: 9项含重号过滤基准=最新一期 2026096 红球 [1, 4, 16, 22, 26, 31] (动态)
  [穷举验证8项过滤器...]
  ✓ 8项过滤器通过数=独立穷举 — JSON=363666, 独立穷举=363666
  ✓ 9项过滤器(含重号)=有效组合中对最新期重号≤2 — dynamic=345166, 重算=345166
  ✓ 9项(含重号)自洽=valid_dynamic — 重算=345166, dynamic=345166

--- 6.3 红球5组: 独立 vs JSON vs HTML ---
  ✓ 第1组红球 独立=[7, 8, 9, 15, 29, 32] — JSON=[7, 8, 9, 15, 29, 32] HTML=[7, 8, 9, 15, 29, 32] ✓
  ✓ 第2组红球 独立=[4, 14, 16, 27, 28, 29] — JSON=[4, 14, 16, 27, 28, 29] HTML=[4, 14, 16, 27, 28, 29] ✓
  ✓ 第3组红球 独立=[3, 10, 18, 29, 32, 33] — JSON=[3, 10, 18, 29, 32, 33] HTML=[3, 10, 18, 29, 32, 33] ✓
  ✓ 第4组红球 独立=[3, 6, 8, 13, 20, 32] — JSON=[3, 6, 8, 13, 20, 32] HTML=[3, 6, 8, 13, 20, 32] ✓
  ✓ 第5组红球 独立=[4, 6, 8, 11, 32, 33] — JSON=[4, 6, 8, 11, 32, 33] HTML=[4, 6, 8, 11, 32, 33] ✓
  ✓ 红球5组三方全部一致

--- 6.4 蓝球5组: 独立 vs JSON vs HTML ---
  ✓ 第1组蓝球 独立=[2, 11, 14] — JSON=[2, 11, 14] HTML=[2, 11, 14] ✓
  ✓ 第2组蓝球 独立=[4, 7, 11] — JSON=[4, 7, 11] HTML=[4, 7, 11] ✓
  ✓ 第3组蓝球 独立=[8, 10, 16] — JSON=[8, 10, 16] HTML=[8, 10, 16] ✓
  ✓ 第4组蓝球 独立=[3, 4, 12] — JSON=[3, 4, 12] HTML=[3, 4, 12] ✓
  ✓ 第5组蓝球 独立=[3, 7, 15] — JSON=[3, 7, 15] HTML=[3, 7, 15] ✓
  ✓ 蓝球5组三方全部一致

--- 6.5 凯利公式 ---
  ✓ 总组合数=C(33,6)*16 — 独立=17,721,088
  ✓ 凯利f*=-1.436e-07 — 独立=-1.4357004491e-07, JSON=-1.4357004491e-07
  ✓ 期望回报≈双色球基准(-0.53) — JSON=-0.5311250076744723, 重算=-0.5311

--- 6.6 胆拖方案: JSON vs HTML ---
  ✓ 胆拖注数 front_combos×back_combos=total_bets — 6×8=48, JSON=48
  ✓ 红球组合数 C(6,5)=6 — C(6,5)=6, JSON=6
  ✓ 蓝球组合数(back_combos) 与权威重算一致 — JSON=8 权威重算=8
  ✓ 基本成本=96元 — 应=96, JSON=96
  ✓ 含蓝球复式成本=96元 — 应=96, JSON=96
  ✓ 胆码 JSON vs HTML一致 — JSON=[10] HTML=[10]
  ✓ 拖码 JSON vs HTML一致 — JSON=[3, 11, 12, 25, 29, 32] HTML=[3, 11, 12, 25, 29, 32]

--- 6.7 9项过滤器逐组验证（独立重算 vs HTML标注）---
  ✓ 第1组综合共识 9项全通过 — AC=9 和值=100 跨度=25 奇偶=4 大小=4 质合=2 012路=213 连号=1 重号=0 ✓全通过
  ✓ 第2组热号追踪 9项全通过 — AC=6 和值=118 跨度=25 奇偶=2 大小=3 质合=1 012路=132 连号=1 重号=2 ✓全通过
  ✓ 第3组冷号回补 9项全通过 — AC=9 和值=125 跨度=30 奇偶=3 大小=2 质合=2 012路=312 连号=1 重号=0 ✓全通过
  ✓ 第4组ECI逆向(真实专家) 9项全通过 — AC=7 和值=82 跨度=29 奇偶=2 大小=4 质合=2 012路=213 连号=0 重号=0 ✓全通过
  ✓ 第5组熵均衡 9项全通过 — AC=9 和值=94 跨度=29 奇偶=2 大小=4 质合=1 012路=213 连号=1 重号=1 ✓全通过

--- 6.8 去重验证 ---
  ✓ JSON 5组红球无重复 — 总=5, 去重=5
  ✓ JSON 5组蓝球无重复 — 总=5, 去重=5
  ✓ 红球号码覆盖 — 覆盖=19/35 (54%)

--- 6.9 HTML vs JSON 全面一致性 ---
  ✓ 第1组 HTML红球=JSON红球 — JSON=[7, 8, 9, 15, 29, 32] HTML=[7, 8, 9, 15, 29, 32]
  ✓ 第1组 HTML蓝球=JSON蓝球 — JSON=[2, 11, 14] HTML=[2, 11, 14]
  ✓ 第2组 HTML红球=JSON红球 — JSON=[4, 14, 16, 27, 28, 29] HTML=[4, 14, 16, 27, 28, 29]
  ✓ 第2组 HTML蓝球=JSON蓝球 — JSON=[4, 7, 11] HTML=[4, 7, 11]
  ✓ 第3组 HTML红球=JSON红球 — JSON=[3, 10, 18, 29, 32, 33] HTML=[3, 10, 18, 29, 32, 33]
  ✓ 第3组 HTML蓝球=JSON蓝球 — JSON=[8, 10, 16] HTML=[8, 10, 16]
  ✓ 第4组 HTML红球=JSON红球 — JSON=[3, 6, 8, 13, 20, 32] HTML=[3, 6, 8, 13, 20, 32]
  ✓ 第4组 HTML蓝球=JSON蓝球 — JSON=[3, 4, 12] HTML=[3, 4, 12]
  ✓ 第5组 HTML红球=JSON红球 — JSON=[4, 6, 8, 11, 32, 33] HTML=[4, 6, 8, 11, 32, 33]
  ✓ 第5组 HTML蓝球=JSON蓝球 — JSON=[3, 7, 15] HTML=[3, 7, 15]

--- 6.10 回测结论 ---
  ✓ 回测结论含'not significant(p>0.05)' — all strategies not significant (p>0.05), backtest fully repl
  ✓ 回测结论含'fully replicates prediction pipeline' — all strategies not significant (p>0.05), backtest fully repl

--- 6.11 诚实声明 ---
  ✓ 声明含'filters do not improve'
  ✓ 声明含'ECI expected benefit ~0'
  ✓ 声明含'entertainment not investment'

================================================================================
【V1.0 三方交叉验证 — 最终总结】
================================================================================

  验证通过: 51项
  验证失败: 0项
  通过率: 100.0%

  验证维度:
  6.1 数据基础 (期数/期号/目标期号)     ✓ 全部一致
  6.2 有效组合数 (8项363666/9项动态)  ✓ 一致
  6.3 红球5组 (独立 vs JSON vs HTML)     ✓ 三方全部一致
  6.4 蓝球5组 (独立 vs JSON vs HTML)     ✓ 三方全部一致
  6.5 凯利公式 (f*=-1.436e-07)          ✓ 一致
  6.6 胆拖方案 (注数/成本/胆拖码)        ✓ 一致
  6.7 9项过滤器 (逐组逐项验证)           ✓ 全部通过
  6.8 去重验证 (红球无重复)              ✓ 无重复
  6.9 HTML vs JSON 全面一致性            ✓ 一致
  6.10 回测结论 (p>0.05)                ✓ 一致
  6.11 诚实声明 (3项关键词)              ✓ 完整

  ★核心结论:
  三方交叉验证全部通过 — 独立重算/JSON/HTML一致
  注: 蓝球综合最优与冷号回补TOP4相同(不同选择标准巧合)，属正常行为


  >> 三方交叉验证 (52项检查) -- 成功

======================================================================
【Phase 6: 强化引擎 / 科学严谨性自检 (非致命)】
======================================================================
======================================================================
【Power Engine V1.0: 强化引擎 / 科学严谨性自检】
======================================================================
  历史数据: 3493 期
  回测窗口: 近 200 期样本外 [3293, 3493)

  [策略回测] 期数=200 成本=¥2,000 派彩=¥400 ROI=-80.0% 中奖期率=38.5%
  [随机基线] ROI均值=-77.4% (区间[-84.5%,-63.3%]) 中奖期率=29.6%
  计算耗时: 130.8s

  ✅ 已证明: 本策略 ROI=-80.0% 与纯随机基线 -77.4% 无统计显著差异 (ROI差 Bootstrap 95% CI=[-0.76,+0.21}]pp, 下界未>0)。系统不存在可证明的预测优势——任何"变强"都属随机波动。

  [蒙特卡洛成本仿真] 玩家=20,000 玩 52周(≈156期):
    期望净盈亏: ¥-1,248
    中位净盈亏: ¥-1,250
    5%~95%区间: [¥-1,300, ¥-1,195]
    正收益概率 P(净盈亏>0): 0.00%

  [诚实闸门 vs 随机] ⛔拒绝: 未通过 Bootstrap 检验 (ROI 差 95% CI=[-0.76,+0.21]pp, 下界未>0), 不能声称"本系统更强"。策略 ROI -80.0% 与基线 -77.4% 无显著差异, 属随机波动。
  [回归闸门 vs 上一版] ⚠️结果变动: 未通过 Bootstrap 检验 (ROI 差 95% CI=[-0.48,+0.53]pp, 下界未>0), 不能声称"本版本 vs 上一版更强"。策略 ROI -80.0% 与基线 -80.2% 无显著差异, 属随机波动。

  ✓ 强化报告已保存: ssq_power_report.json


======================================================================
【智能分析摘要】
======================================================================

  数据状态:
    历史期数: 3493
    最新期号: 2026096 (2026-08-20)
    目标期号: 2026097
    数据新鲜度: 正常 (3天前)

  开奖日: 今天是开奖日!
    投注窗口: 现在 - 21:00
    开奖时间: 21:00

  上期验证:
    验证期号: 2026096
    最佳表现: 热号追踪 命中2球 (六等奖)

======================================================================
【性能追踪摘要】
======================================================================
  已验证期数: 5
  总预测组数: 15
  平均红球命中: 0.73/5
  平均蓝球命中: 0.27/2
  平均总命中: 1.00/7
  最高红球命中: 2/5
  最高总命中: 3/7

  中奖分布:
    未中奖: 11次
    六等奖: 4次

  最近验证记录:
    2026092: 前[9, 11, 12, 25, 30, 33] 后[11] → 最佳: ECI逆向(真实专家) 命中3球 (六等奖)
    2026093: 前[5, 8, 15, 20, 21, 24] 后[9] → 最佳: 熵均衡 命中2球 (未中奖)
    2026096: 前[1, 4, 16, 22, 26, 31] 后[4] → 最佳: 热号追踪 命中2球 (六等奖)

  投注建议:
    今天开奖! 请在21:00前完成投注
    推荐: 5组单式 + 标准胆拖 = 23注 = 46元(双色球每注固定2元, 无追加)

  输出文件:
    V1基础报告: 双色球*V1_全面修复.html
    V1.0增强报告: 双色球*V15_增强版.html
    预测JSON: ssq_prediction_2026097_v8.json
    性能追踪: ssq_performance.json

======================================================================
【Phase 5.5: 历史专家推荐存档】
======================================================================
  ✓ 已存档 2026097 期专家推荐 (10位)
  ✓ 历史存档累计: 3 期
  ✓ 说明: 下一期起即可对上一期真实专家推荐做 ECI 回测

======================================================================
【Phase 7: ML 模型样本外自评 (非致命)】
======================================================================
  ⚠ ML自评异常(非致命): Command '['C:\\Users\\www74\\.workbuddy\\binaries\\python\\versions\\3.13.12\\python.exe', 'ssq_ml_selfcheck.py']' timed out after 300 seconds
================================================================
REPORT_DESKTOP_PATH: C:\Users\www74\Desktop\双色球2026097期预测报告_V1_全面修复_V15_增强版.html
REPORT_ABS_PATH: C:\Users\www74\.workbuddy\skills\ssq-probability-analyzer\scripts\lib\双色球2026097期预测报告_V1_全面修复_V15_增强版.html
REPORT_BASE_DESKTOP_PATH: C:\Users\www74\Desktop\双色球2026097期预测报告_V1_全面修复.html
REPORT_PATH_FILE: C:\Users\www74\.workbuddy\skills\ssq-probability-analyzer\scripts\lib\REPORT_PATH.txt
================================================================

======================================================================
【全流程完成】
======================================================================
  ✅ 0. 开奖日检测
  ✅ 0.5 永久自检/回归护栏
  ✅ 0.6 专家自动抓取
  ✅ 0.7 专家战绩自算/追踪回填
  ✅ 1. 上期预测验证
  ✅ 2. V1基础预测
  ✅ 3. V1.0增强预测
  ✅ 4. 三方交叉验证
  ✅ 6. 强化引擎(严谨自检)
  ❌ 7. ML样本外自评
  ✅ 5. 智能摘要
  ✅ 5.5 专家存档

  智能化得分: 11/12

  🧠 专家智慧总览: 常驻名录 55 位(权威 51 / 野路子 4) + 官方数据源 9 个
     战绩自算: 已覆盖 2 期; 最新 2026096 期随机基线红球均命中 1.01(专家排名仅相对基线有意义, 不提升中奖概率)

  ⏰ 今天开奖! 投注窗口: 现在 - 21:00
  📄 请查看报告: 双色球*V15_增强版.html
